---
source: crates/volant/tests/playbook_cli.rs
expression: text
---

PLAY [Variables and keywords] **************************************************

TASK [Greet alpha] *************************************************************
changed: [alpha]
changed: [beta]

TASK [Only alpha] **************************************************************
changed: [alpha]
skipping: [beta]

TASK [Show what was said] ******************************************************
ok: [alpha] => {"msg": "HELLO! on 8081"}
ok: [beta] => {"msg": "BONJOUR! on 8080"}

TASK [Loop over servers] *******************************************************
changed: [alpha] => (item={"name": "one"})
changed: [alpha] => (item={"name": "two"})
changed: [beta] => (item={"name": "one"})
changed: [beta] => (item={"name": "two"})

TASK [Loop summary] ************************************************************
ok: [alpha] => {"looped.results | map(attribute='stdout') | list": ["one", "two"]}
ok: [beta] => {"looped.results | map(attribute='stdout') | list": ["one", "two"]}

TASK [Remember] ****************************************************************
ok: [alpha]
ok: [beta]

TASK [Omitted argument is dropped] *********************************************
changed: [alpha]
changed: [beta]

TASK [Reported as unchanged] ***************************************************
ok: [alpha]
ok: [beta]

TASK [Failing only on beta] ****************************************************
changed: [alpha]
fatal: [beta]: FAILED! => {"changed": true, "cmd": ["echo", "2"], "delta": "[time]", "end": "[time]", "failed": true, "failed_when_result": true, "msg": "", "rc": 0, "start": "[time]", "stderr": "", "stderr_lines": [], "stdout": "2", "stdout_lines": ["2"]}
...ignoring

TASK [Undefined variable] ******************************************************
fatal: [alpha]: FAILED! => {"failed": true, "msg": "The task includes an option with an undefined variable. The error was: [engine message]"}
...ignoring
fatal: [beta]: FAILED! => {"failed": true, "msg": "The task includes an option with an undefined variable. The error was: [engine message]"}
...ignoring

PLAY RECAP *********************************************************************
alpha                      : ok=10   changed=5    unreachable=0    failed=0    skipped=0    rescued=0    ignored=1   
beta                       : ok=9    changed=4    unreachable=0    failed=0    skipped=1    rescued=0    ignored=2
